// Jest Snapshot v1, https://goo.gl/fbAQLP

exports[`Normal 1`] = `
<div
  className="loader-layer"
>
  <div
    className="loader"
  />
  <div
    className="loader-message"
  >
    We need few seconds to be well prepared.
  </div>
</div>
`;
